// Jest Snapshot v1, https://goo.gl/fbAQLP

exports[`InfoPopper test should render 1`] = `ShallowWrapper {}`;
